[2026-08-19 13:05:53.352] [geoanalytics] [info] Logging to E:\geo_analytics\project\logs\server.log
[2026-08-19 13:05:53.353] [geoanalytics] [info] GeoAnalytics server starting (cwd: E:\geo_analytics\project\out\build\default)
[2026-08-19 13:05:53.354] [geoanalytics] [info] GeoAnalytics API server listening on http://127.0.0.1:8080
[2026-08-19 13:06:03.476] [geoanalytics] [info] Analyzing 'Tbilisi' for business 'coffee_shop' at resolution 9
[2026-08-19 13:06:04.563] [geoanalytics] [info] Running: osmium extract -b "44.596202,41.617790,45.017291,41.843878" -s smart --overwrite -o "C:\Users\zedar\AppData\Local\Temp\geoanalytics_pbf_0_extract.osm.pbf" "E:\geo_analytics\project\data\pbf\georgia-latest.osm.pbf"
[2026-08-19 13:06:06.871] [geoanalytics] [info] osmium extract finished with code 0
[2026-08-19 13:06:06.872] [geoanalytics] [info] Running: osmium tags-filter --overwrite -o "C:\Users\zedar\AppData\Local\Temp\geoanalytics_pbf_0_filtered.osm.pbf" "C:\Users\zedar\AppData\Local\Temp\geoanalytics_pbf_0_extract.osm.pbf" amenity=cafe
[2026-08-19 13:06:07.198] [geoanalytics] [info] osmium tags-filter finished with code 0
[2026-08-19 13:06:07.199] [geoanalytics] [info] Running: osmium export --geometry-type=point -f geojson --overwrite -o "C:\Users\zedar\AppData\Local\Temp\geoanalytics_pbf_0_export.geojson" "C:\Users\zedar\AppData\Local\Temp\geoanalytics_pbf_0_filtered.osm.pbf"
[2026-08-19 13:06:07.237] [geoanalytics] [info] osmium export finished with code 0
[2026-08-19 13:06:07.255] [geoanalytics] [info] Parsing osmium export output (278837 bytes)
[2026-08-19 13:06:07.340] [geoanalytics] [info] parseOsmiumGeoJson: parsed ok, features count=899
[2026-08-19 13:06:07.368] [geoanalytics] [info] Fetched 899 points from local PBF (E:\geo_analytics\project\data\pbf\georgia-latest.osm.pbf)
[2026-08-19 13:06:07.372] [geoanalytics] [info] Running: osmium extract -b "44.596202,41.617790,45.017291,41.843878" -s smart --overwrite -o "C:\Users\zedar\AppData\Local\Temp\geoanalytics_pbf_1_extract.osm.pbf" "E:\geo_analytics\project\data\pbf\georgia-latest.osm.pbf"
[2026-08-19 13:06:09.427] [geoanalytics] [info] osmium extract finished with code 0
[2026-08-19 13:06:09.428] [geoanalytics] [info] Running: osmium tags-filter --overwrite -o "C:\Users\zedar\AppData\Local\Temp\geoanalytics_pbf_1_filtered.osm.pbf" "C:\Users\zedar\AppData\Local\Temp\geoanalytics_pbf_1_extract.osm.pbf" office building=residential building=apartments highway=bus_stop
[2026-08-19 13:06:10.136] [geoanalytics] [info] osmium tags-filter finished with code 0
[2026-08-19 13:06:10.137] [geoanalytics] [info] Running: osmium export --geometry-type=point -f geojson --overwrite -o "C:\Users\zedar\AppData\Local\Temp\geoanalytics_pbf_1_export.geojson" "C:\Users\zedar\AppData\Local\Temp\geoanalytics_pbf_1_filtered.osm.pbf"
[2026-08-19 13:06:10.221] [geoanalytics] [info] osmium export finished with code 0
[2026-08-19 13:06:10.300] [geoanalytics] [info] Parsing osmium export output (2597909 bytes)
[2026-08-19 13:06:11.024] [geoanalytics] [info] parseOsmiumGeoJson: parsed ok, features count=7326
[2026-08-19 13:06:11.244] [geoanalytics] [info] Fetched 7326 points from local PBF (E:\geo_analytics\project\data\pbf\georgia-latest.osm.pbf)
[2026-08-19 13:06:11.248] [geoanalytics] [info] Running: osmium extract -b "44.596202,41.617790,45.017291,41.843878" -s smart --overwrite -o "C:\Users\zedar\AppData\Local\Temp\geoanalytics_pbf_2_extract.osm.pbf" "E:\geo_analytics\project\data\pbf\georgia-latest.osm.pbf"
[2026-08-19 13:06:13.367] [geoanalytics] [info] osmium extract finished with code 0
[2026-08-19 13:06:13.368] [geoanalytics] [info] Running: osmium tags-filter --overwrite -o "C:\Users\zedar\AppData\Local\Temp\geoanalytics_pbf_2_filtered.osm.pbf" "C:\Users\zedar\AppData\Local\Temp\geoanalytics_pbf_2_extract.osm.pbf" landuse=construction building=construction
[2026-08-19 13:06:14.018] [geoanalytics] [info] osmium tags-filter finished with code 0
[2026-08-19 13:06:14.019] [geoanalytics] [info] Running: osmium export --geometry-type=point -f geojson --overwrite -o "C:\Users\zedar\AppData\Local\Temp\geoanalytics_pbf_2_export.geojson" "C:\Users\zedar\AppData\Local\Temp\geoanalytics_pbf_2_filtered.osm.pbf"
[2026-08-19 13:06:14.202] [geoanalytics] [info] osmium export finished with code 0
[2026-08-19 13:06:14.211] [geoanalytics] [info] Parsing osmium export output (10487 bytes)
[2026-08-19 13:06:14.217] [geoanalytics] [info] parseOsmiumGeoJson: parsed ok, features count=72
[2026-08-19 13:06:14.220] [geoanalytics] [info] Fetched 72 points from local PBF (E:\geo_analytics\project\data\pbf\georgia-latest.osm.pbf)
[2026-08-19 13:06:14.226] [geoanalytics] [info] Converting to H3: 899 competitor, 7326 demand, 72 growth points
[2026-08-19 13:06:14.268] [geoanalytics] [info] Aggregating hexes
[2026-08-19 13:06:14.269] [geoanalytics] [info] Hex counts: 297 competitor, 1233 demand, 56 growth
[2026-08-19 13:06:14.274] [geoanalytics] [info] Built 1285 features, calculating scores
[2026-08-19 13:06:14.278] [geoanalytics] [info] Scores calculated, building GeoJSON
[2026-08-19 13:06:14.561] [geoanalytics] [info] GeoJSON built, building summary
[2026-08-19 13:06:14.562] [geoanalytics] [info] Summary built, assembling response
[2026-08-19 13:06:14.618] [geoanalytics] [info] /analyze response size: 897212 bytes
[2026-08-19 13:06:42.053] [geoanalytics] [info] Analyzing 'Bern' for business 'coffee_shop' at resolution 9
[2026-08-19 13:06:42.497] [geoanalytics] [info] Running: osmium extract -b "7.294314,46.919033,7.495558,46.990153" -s smart --overwrite -o "C:\Users\zedar\AppData\Local\Temp\geoanalytics_pbf_3_extract.osm.pbf" "E:\geo_analytics\project\data\pbf\switzerland-latest.osm.pbf"
[2026-08-19 13:06:48.530] [geoanalytics] [info] osmium extract finished with code 0
[2026-08-19 13:06:48.531] [geoanalytics] [info] Running: osmium tags-filter --overwrite -o "C:\Users\zedar\AppData\Local\Temp\geoanalytics_pbf_3_filtered.osm.pbf" "C:\Users\zedar\AppData\Local\Temp\geoanalytics_pbf_3_extract.osm.pbf" amenity=cafe
[2026-08-19 13:06:48.758] [geoanalytics] [info] osmium tags-filter finished with code 0
[2026-08-19 13:06:48.759] [geoanalytics] [info] Running: osmium export --geometry-type=point -f geojson --overwrite -o "C:\Users\zedar\AppData\Local\Temp\geoanalytics_pbf_3_export.geojson" "C:\Users\zedar\AppData\Local\Temp\geoanalytics_pbf_3_filtered.osm.pbf"
[2026-08-19 13:06:48.796] [geoanalytics] [info] osmium export finished with code 0
[2026-08-19 13:06:48.806] [geoanalytics] [info] Parsing osmium export output (49433 bytes)
[2026-08-19 13:06:48.820] [geoanalytics] [info] parseOsmiumGeoJson: parsed ok, features count=121
[2026-08-19 13:06:48.825] [geoanalytics] [info] Fetched 121 points from local PBF (E:\geo_analytics\project\data\pbf\switzerland-latest.osm.pbf)
[2026-08-19 13:06:48.827] [geoanalytics] [info] Running: osmium extract -b "7.294314,46.919033,7.495558,46.990153" -s smart --overwrite -o "C:\Users\zedar\AppData\Local\Temp\geoanalytics_pbf_4_extract.osm.pbf" "E:\geo_analytics\project\data\pbf\switzerland-latest.osm.pbf"
[2026-08-19 13:06:54.689] [geoanalytics] [info] osmium extract finished with code 0
[2026-08-19 13:06:54.690] [geoanalytics] [info] Running: osmium tags-filter --overwrite -o "C:\Users\zedar\AppData\Local\Temp\geoanalytics_pbf_4_filtered.osm.pbf" "C:\Users\zedar\AppData\Local\Temp\geoanalytics_pbf_4_extract.osm.pbf" office building=residential building=apartments highway=bus_stop
[2026-08-19 13:06:55.440] [geoanalytics] [info] osmium tags-filter finished with code 0
[2026-08-19 13:06:55.441] [geoanalytics] [info] Running: osmium export --geometry-type=point -f geojson --overwrite -o "C:\Users\zedar\AppData\Local\Temp\geoanalytics_pbf_4_export.geojson" "C:\Users\zedar\AppData\Local\Temp\geoanalytics_pbf_4_filtered.osm.pbf"
[2026-08-19 13:06:55.550] [geoanalytics] [info] osmium export finished with code 0
[2026-08-19 13:06:55.643] [geoanalytics] [info] Parsing osmium export output (3017946 bytes)
[2026-08-19 13:06:56.693] [geoanalytics] [info] parseOsmiumGeoJson: parsed ok, features count=12480
[2026-08-19 13:06:57.085] [geoanalytics] [info] Fetched 12480 points from local PBF (E:\geo_analytics\project\data\pbf\switzerland-latest.osm.pbf)
[2026-08-19 13:06:57.087] [geoanalytics] [info] Running: osmium extract -b "7.294314,46.919033,7.495558,46.990153" -s smart --overwrite -o "C:\Users\zedar\AppData\Local\Temp\geoanalytics_pbf_5_extract.osm.pbf" "E:\geo_analytics\project\data\pbf\switzerland-latest.osm.pbf"
[2026-08-19 13:07:03.050] [geoanalytics] [info] osmium extract finished with code 0
[2026-08-19 13:07:03.051] [geoanalytics] [info] Running: osmium tags-filter --overwrite -o "C:\Users\zedar\AppData\Local\Temp\geoanalytics_pbf_5_filtered.osm.pbf" "C:\Users\zedar\AppData\Local\Temp\geoanalytics_pbf_5_extract.osm.pbf" landuse=construction building=construction
[2026-08-19 13:07:03.407] [geoanalytics] [info] osmium tags-filter finished with code 0
[2026-08-19 13:07:03.408] [geoanalytics] [info] Running: osmium export --geometry-type=point -f geojson --overwrite -o "C:\Users\zedar\AppData\Local\Temp\geoanalytics_pbf_5_export.geojson" "C:\Users\zedar\AppData\Local\Temp\geoanalytics_pbf_5_filtered.osm.pbf"
[2026-08-19 13:07:03.450] [geoanalytics] [info] osmium export finished with code 0
[2026-08-19 13:07:03.450] [geoanalytics] [info] Parsing osmium export output (767 bytes)
[2026-08-19 13:07:03.451] [geoanalytics] [info] parseOsmiumGeoJson: parsed ok, features count=4
[2026-08-19 13:07:03.451] [geoanalytics] [info] Fetched 4 points from local PBF (E:\geo_analytics\project\data\pbf\switzerland-latest.osm.pbf)
[2026-08-19 13:07:03.458] [geoanalytics] [info] Converting to H3: 121 competitor, 12480 demand, 4 growth points
[2026-08-19 13:07:03.520] [geoanalytics] [info] Aggregating hexes
[2026-08-19 13:07:03.521] [geoanalytics] [info] Hex counts: 76 competitor, 453 demand, 3 growth
[2026-08-19 13:07:03.523] [geoanalytics] [info] Built 456 features, calculating scores
[2026-08-19 13:07:03.525] [geoanalytics] [info] Scores calculated, building GeoJSON
[2026-08-19 13:07:03.624] [geoanalytics] [info] GeoJSON built, building summary
[2026-08-19 13:07:03.625] [geoanalytics] [info] Summary built, assembling response
[2026-08-19 13:07:03.657] [geoanalytics] [info] /analyze response size: 323374 bytes
